C:\WorkspaceTPFINAL\CMSISv2p00_LPC17xx\inc/core_cm3.h:928:22:NVIC_EnableIRQ	16	static
../src/main.c:20:6:generarSenoidal	40	static
../src/main.c:29:6:generarCuadrada	16	static
../src/main.c:38:6:generarTriangular	32	static
../src/main.c:51:6:confPin	16	static
../src/main.c:63:6:confDAC	16	static
../src/main.c:72:6:delay	16	static
../src/main.c:77:6:configDMA	96	static
../src/main.c:123:6:configTimer1	16	static
../src/main.c:132:6:configTimer0	32	static
../src/main.c:149:6:configADC	8	static
../src/main.c:158:5:main	8	static
